﻿
> yesergeleta-website@0.0.0 build
> vite build

[36mvite v8.0.4 [32mbuilding client environment for production...[36m[39m
[2K
node.exe : Error: Cannot apply unknown utility class `border-border`
At line:1 char:1
+ & "C:\Program Files\nodejs/node.exe" "C:\Program Files\nodejs/node_mo ...
+ ~~~~~~~~~~~~~~~~~~~~~~~~~~~~~~~~~~~~~~~~~~~~~~~~~~~~~~~~~~~~~~~~~~~~~
    + CategoryInfo          : NotSpecified: (Error: Cannot a...`border-border`:String) [], RemoteException
    + FullyQualifiedErrorId : NativeCommandError
 
    at onInvalidCandidate (C:\Users\someone\Desktop\home project\New folder\yesergeleta 
website\node_modules\tailwindcss\dist\lib.js:21:1511)
    at Ee (C:\Users\someone\Desktop\home project\New folder\yesergeleta 
website\node_modules\tailwindcss\dist\lib.js:16:37066)
    at C:\Users\someone\Desktop\home project\New folder\yesergeleta 
website\node_modules\tailwindcss\dist\lib.js:21:355
    at _r (C:\Users\someone\Desktop\home project\New folder\yesergeleta 
website\node_modules\tailwindcss\dist\lib.js:3:1733)
    at I (C:\Users\someone\Desktop\home project\New folder\yesergeleta 
website\node_modules\tailwindcss\dist\lib.js:3:1377)
    at Te (C:\Users\someone\Desktop\home project\New folder\yesergeleta 
website\node_modules\tailwindcss\dist\lib.js:21:172)
    at mn (C:\Users\someone\Desktop\home project\New folder\yesergeleta 
website\node_modules\tailwindcss\dist\lib.js:38:294)
    at async gn (C:\Users\someone\Desktop\home project\New folder\yesergeleta 
website\node_modules\tailwindcss\dist\lib.js:38:631)
    at async Xr (C:\Users\someone\Desktop\home project\New folder\yesergeleta 
website\node_modules\@tailwindcss\node\dist\index.js:10:3416)
    at async N (C:\Users\someone\Desktop\home project\New folder\yesergeleta 
website\node_modules\@tailwindcss\postcss\dist\index.js:10:3979)
transforming...Γ£ô 2124 modules transformed.
[31mΓ£ù[39m Build failed in 431ms
[31merror during build:
[31mBuild failed with 1 error:

[plugin vite:css] C:/Users/someone/Desktop/home project/New folder/yesergeleta website/src/style.css:1:0
CssSyntaxError: [postcss] tailwindcss: C:/Users/someone/Desktop/home project/New folder/yesergeleta 
website/src/style.css:1:1: Cannot apply unknown utility class `border-border`
    at Input.error (C:\Users\someone\Desktop\home project\New folder\yesergeleta 
website\node_modules\postcss\lib\input.js:135:16)
    at Root.error (C:\Users\someone\Desktop\home project\New folder\yesergeleta 
website\node_modules\postcss\lib\node.js:146:32)
    at Object.Once (C:\Users\someone\Desktop\home project\New folder\yesergeleta 
website\node_modules\@tailwindcss\postcss\dist\index.js:10:6913)
    at async LazyResult.runAsync (C:\Users\someone\Desktop\home project\New folder\yesergeleta 
website\node_modules\postcss\lib\lazy-result.js:293:11)
    at async runPostCSS (file:///C:/Users/someone/Desktop/home%20project/New%20folder/yesergeleta%20website/node
_modules/vite/dist/node/chunks/node.js:20964:19)
    at async compilePostCSS (file:///C:/Users/someone/Desktop/home%20project/New%20folder/yesergeleta%20website/
node_modules/vite/dist/node/chunks/node.js:20948:6)
    at async compileCSS (file:///C:/Users/someone/Desktop/home%20project/New%20folder/yesergeleta%20website/node
_modules/vite/dist/node/chunks/node.js:20878:26)
    at async TransformPluginContextImpl.handler (file:///C:/Users/someone/Desktop/home%20project/New%20folder/ye
sergeleta%20website/node_modules/vite/dist/node/chunks/node.js:20394:47)
    at async plugin (file:///C:/Users/someone/Desktop/home%20project/New%20folder/yesergeleta%20website/node_mod
ules/rolldown/dist/shared/bindingify-input-options-e7ze4hPR.mjs:1129:16)
    at async plugin.<computed> (file:///C:/Users/someone/Desktop/home%20project/New%20folder/yesergeleta%20websi
te/node_modules/rolldown/dist/shared/bindingify-input-options-e7ze4hPR.mjs:1593:12)[31m
    at aggregateBindingErrorsIntoJsError (file:///C:/Users/someone/Desktop/home%20project/New%20folder/yesergele
ta%20website/node_modules/rolldown/dist/shared/error-BLhcSyeg.mjs:48:18)
    at unwrapBindingResult (file:///C:/Users/someone/Desktop/home%20project/New%20folder/yesergeleta%20website/n
ode_modules/rolldown/dist/shared/error-BLhcSyeg.mjs:18:128)
    at #build (file:///C:/Users/someone/Desktop/home%20project/New%20folder/yesergeleta%20website/node_modules/r
olldown/dist/shared/rolldown-build-CPrIX9V6.mjs:3313:34)
    at async buildEnvironment (file:///C:/Users/someone/Desktop/home%20project/New%20folder/yesergeleta%20websit
e/node_modules/vite/dist/node/chunks/node.js:32895:64)
    at async Object.build (file:///C:/Users/someone/Desktop/home%20project/New%20folder/yesergeleta%20website/no
de_modules/vite/dist/node/chunks/node.js:33317:19)
    at async Object.buildApp (file:///C:/Users/someone/Desktop/home%20project/New%20folder/yesergeleta%20website
/node_modules/vite/dist/node/chunks/node.js:33314:153)
    at async CAC.<anonymous> (file:///C:/Users/someone/Desktop/home%20project/New%20folder/yesergeleta%20website
/node_modules/vite/dist/node/cli.js:778:3) {
  errors: [Getter/Setter]
}[39m
